// Jest Snapshot v1, https://goo.gl/fbAQLP

exports[`Home component Shallow Rendering renders without crashing 1`] = `ShallowWrapper {}`;
